[w1a two concurrent short sends, no offset]
  +  0ms "[architect] msg-one"
  +  6ms "[builder] msg-two"
  + 51ms "\r"
  + 56ms "\r"
ASSERT w1a-second-text-before-first-enter: PASS stream="[architect] msg-one[builder] msg-two\r\r"
ASSERT w1a-blob-on-line: PASS line content at first Enter = both messages
[w1b two concurrent paced sends, no offset]
  +  0ms "A1\n"
  +  0ms "B1\n"
  + 11ms "A2\n"
  + 11ms "B2\n"
  + 21ms "A3\n"
  + 21ms "B3\n"
  + 30ms "A4\n"
  + 30ms "B4\n"
  + 40ms "A5"
  + 40ms "B5"
  +120ms "\r"
  +120ms "\r"
ASSERT w1b-lines-interleaved: PASS line order=A1,B1,A2,B2,A3,B3,A4,B4,A5,B5
[w1c escape vs concurrent send]
  +  0ms "\u001b"
  + 11ms "[architect] during-escape"
  + 51ms "\r"
  + 61ms "\r"
ASSERT w1c-message-lands-inside-escape-sequence: PASS stream="\u001b[architect] during-escape\r\r"
[w1d same two sends, offset-chained]
  +  0ms "A1\n"
  + 10ms "A2\n"
  + 20ms "A3\n"
  + 31ms "A4\n"
  + 41ms "A5"
  +121ms "\r"
  +130ms "B1\n"
  +140ms "B2\n"
  +150ms "B3\n"
  +160ms "B4\n"
  +170ms "B5"
  +251ms "\r"
ASSERT w1d-offset-chaining-serializes: PASS line order=A1,A2,A3,A4,A5,B1,B2,B3,B4,B5
ALL ASSERTIONS PASSED
